// Vitest Snapshot v1, https://vitest.dev/guide/snapshot.html

exports[`PearsonCorrelationMetric > should correctly calculate pearson correlation distances for small 2D dataset 1`] = `
[
  [
    NaN,
  ],
  [
    NaN,
    0,
  ],
  [
    NaN,
    2,
    0,
  ],
  [
    NaN,
    2,
    0,
    0,
  ],
  [
    NaN,
    2,
    0,
    0,
    0,
  ],
]
`;
